hao2021_10k.h5ad: in the cache, sha256 ok
setup (network on) ...
data_hao2021_10k_68c8db81 (2 cores, 6144 MB, 30 min) ... ok
data_hao2021_10k_68c8db81_pipeline_reference_31d5c367 (8 cores, 6144 MB, 20 min) ... ok
data_hao2021_10k_68c8db81_pipeline_rsc_04906cf8 (8 cores, 6144 MB, 20 min) ... ok
data_hao2021_10k_68c8db81_pipeline_rsc_106c9cb6 (8 cores, 6144 MB, 20 min) ... ok
metrics_n_clusters_hao2021_10k_default (2 cores, 6144 MB, 30 min) ... ok
metrics_contract_hao2021_10k_default (2 cores, 6144 MB, 30 min) ... ok

job                                          end                 wall     mem peak / cap    denet  growth/rep      env
data_hao2021_10k_68c8db81                    ok                  2.8s      130 / 6144   MB      0MB           -    220MB
pipeline_reference_31d5c367                  ok                 15.8s      525 / 6144   MB    561MB           -    1.1GB
pipeline_rsc_04906cf8                        ok                 25.5s     1558 / 6144   MB   1837MB     +2.4 MB    5.9GB
pipeline_rsc_106c9cb6                        ok                 25.1s     1533 / 6144   MB   1832MB     +0.0 MB    5.9GB
metrics_n_clusters_hao2021_10k_default       ok                  2.7s      124 / 6144   MB      0MB           -    1.1GB
metrics_contract_hao2021_10k_default         ok                  4.0s      168 / 6144   MB      0MB           -    1.1GB
6/6 jobs ok -> <repo>/runs/baselines-rsc-20261009T1653-10k-20261009T165301/results
shape: (33, 4)
┌────────────────────────┬─────────────┬─────┬────────┐
│ metric                 ┆ method      ┆ n   ┆ median │
│ ---                    ┆ ---         ┆ --- ┆ ---    │
│ str                    ┆ str         ┆ u32 ┆ f64    │
╞════════════════════════╪═════════════╪═════╪════════╡
│ contract_ok            ┆ reference   ┆ 6   ┆ 1.0    │
│ contract_ok            ┆ rsc         ┆ 39  ┆ 1.0    │
│ cpu_s                  ┆ null        ┆ 2   ┆ 2.85   │
│ cpu_s                  ┆ hao2021_10k ┆ 1   ┆ 2.1    │
│ cpu_s                  ┆ reference   ┆ 1   ┆ 18.7   │
│ …                      ┆ …           ┆ …   ┆ …      │
│ step_walltime_s        ┆ rsc         ┆ 33  ┆ 0.235  │
│ walltime_s             ┆ reference   ┆ 1   ┆ 10.974 │
│ walltime_s             ┆ rsc         ┆ 11  ┆ 0.531  │
│ warmup_step_walltime_s ┆ rsc         ┆ 6   ┆ 7.045  │
│ warmup_walltime_s      ┆ rsc         ┆ 2   ┆ 17.008 │
└────────────────────────┴─────────────┴─────┴────────┘
139 records -> <repo>/runs/baselines-rsc-20261009T1653-10k-20261009T165301/results/metrics.parquet
baselines/rsc 20261009T1653 (bb6b203) plan b27def36 host c931f405 10k: ok (run baselines-rsc-20261009T1653-10k-20261009T165301)
OUTCOME {"outcome": "ok", "reason": "baselines/rsc 20261009T1653 (bb6b203) plan b27def36 host c931f405 10k: ok (run baselines-rsc-20261009T1653-10k-20261009T165301)", "result": "baselines/rsc/20261009T1653/b27def36/c931f405/10k", "plan": "b27def36", "host": "c931f405", "run": "baselines-rsc-20261009T1653-10k-20261009T165301", "log": "<repo>/runs/baselines-rsc-20261009T1653-10k-20261009T165301/runner.log"}
