hao2021_10k.h5ad: in the cache, sha256 ok
setup (network on) ...
data_hao2021_10k_68c8db81 (2 cores, 6144 MB, 30 min) ... ok
data_hao2021_10k_68c8db81_pipeline_reference_31d5c367 (8 cores, 6144 MB, 20 min) ... ok
data_hao2021_10k_68c8db81_pipeline_scanpy_fbb37862 (8 cores, 6144 MB, 20 min) ... ok
data_hao2021_10k_68c8db81_pipeline_scanpy_f7e456ae (8 cores, 6144 MB, 20 min) ... ok
metrics_n_clusters_hao2021_10k_default (2 cores, 6144 MB, 30 min) ... ok
metrics_contract_hao2021_10k_default (2 cores, 6144 MB, 30 min) ... ok

job                                          end                 wall     mem peak / cap    denet  growth/rep      env
data_hao2021_10k_68c8db81                    ok                  2.7s      717 / 6144   MB      0MB           -    220MB
pipeline_reference_31d5c367                  ok                 15.3s      527 / 6144   MB    562MB           -    1.1GB
pipeline_scanpy_fbb37862                     ok                 49.0s      935 / 6144   MB    878MB    +10.9 MB    1.1GB
pipeline_scanpy_f7e456ae                     ok                 43.9s      889 / 6144   MB    844MB    +12.0 MB    1.1GB
metrics_n_clusters_hao2021_10k_default       ok                  2.7s      123 / 6144   MB      0MB           -    1.1GB
metrics_contract_hao2021_10k_default         ok                  4.0s      170 / 6144   MB      0MB           -    1.1GB
WARNING data_hao2021_10k_68c8db81_pipeline_scanpy_fbb37862: memory grows 10.9 ± 1.2 MB per replicate; cap (6144 MB) in ~489 more
WARNING data_hao2021_10k_68c8db81_pipeline_scanpy_f7e456ae: memory grows 12.0 ± 2.1 MB per replicate; cap (6144 MB) in ~447 more
6/6 jobs ok -> <repo>/runs/baselines-scanpy-20261011T0454-10k-20261011T045424/results
shape: (34, 4)
┌────────────────────────┬─────────────┬─────┬─────────┐
│ metric                 ┆ method      ┆ n   ┆ median  │
│ ---                    ┆ ---         ┆ --- ┆ ---     │
│ str                    ┆ str         ┆ u32 ┆ f64     │
╞════════════════════════╪═════════════╪═════╪═════════╡
│ contract_ok            ┆ reference   ┆ 6   ┆ 1.0     │
│ contract_ok            ┆ scanpy      ┆ 39  ┆ 1.0     │
│ cpu_s                  ┆ null        ┆ 2   ┆ 2.9     │
│ cpu_s                  ┆ hao2021_10k ┆ 1   ┆ 2.5     │
│ cpu_s                  ┆ reference   ┆ 1   ┆ 18.3    │
│ …                      ┆ …           ┆ …   ┆ …       │
│ time_to_result_s       ┆ scanpy      ┆ 2   ┆ 24.88   │
│ walltime_s             ┆ reference   ┆ 1   ┆ 10.57   │
│ walltime_s             ┆ scanpy      ┆ 11  ┆ 3.588   │
│ warmup_step_walltime_s ┆ scanpy      ┆ 6   ┆ 2.8335  │
│ warmup_walltime_s      ┆ scanpy      ┆ 2   ┆ 22.3565 │
└────────────────────────┴─────────────┴─────┴─────────┘
153 records -> <repo>/runs/baselines-scanpy-20261011T0454-10k-20261011T045424/results/metrics.parquet
baselines/scanpy 20261011T0454 (5203cce) plan cbf3fb0c host c931f405 10k: ok (run baselines-scanpy-20261011T0454-10k-20261011T045424)
OUTCOME {"outcome": "ok", "reason": "baselines/scanpy 20261011T0454 (5203cce) plan cbf3fb0c host c931f405 10k: ok (run baselines-scanpy-20261011T0454-10k-20261011T045424)", "result": "baselines/scanpy/20261011T0454/cbf3fb0c/c931f405/10k", "plan": "cbf3fb0c", "host": "c931f405", "run": "baselines-scanpy-20261011T0454-10k-20261011T045424", "log": "<repo>/runs/baselines-scanpy-20261011T0454-10k-20261011T045424/runner.log"}
