hao2021_100k.h5ad: in the cache, sha256 ok
setup (network on) ...
data_hao2021_100k_ce2648ff (2 cores, 6144 MB, 30 min) ... ok
data_hao2021_100k_ce2648ff_pipeline_reference_31d5c367 (8 cores, 6144 MB, 20 min) ... ok
data_hao2021_100k_ce2648ff_pipeline_scanpy_fbb37862 (8 cores, 6144 MB, 20 min) ... ok
data_hao2021_100k_ce2648ff_pipeline_scanpy_f7e456ae (8 cores, 6144 MB, 20 min) ... ok
metrics_n_clusters_hao2021_100k_default (2 cores, 6144 MB, 30 min) ... ok
metrics_contract_hao2021_100k_default (2 cores, 6144 MB, 30 min) ... ok

job                                          end                 wall     mem peak / cap    denet  growth/rep      env
data_hao2021_100k_ce2648ff                   ok                  2.7s      717 / 6144   MB      0MB           -    220MB
pipeline_reference_31d5c367                  ok                 46.6s     1350 / 6144   MB   1305MB           -    1.1GB
pipeline_scanpy_fbb37862                     ok                224.2s     3354 / 6144   MB   1911MB    +20.5 MB    1.1GB
pipeline_scanpy_f7e456ae                     ok                193.1s     3197 / 6144   MB   1789MB    +25.6 MB    1.1GB
metrics_n_clusters_hao2021_100k_default      ok                  3.7s      124 / 6144   MB      0MB           -    1.1GB
metrics_contract_hao2021_100k_default        ok                 14.8s      304 / 6144   MB      0MB           -    1.1GB
WARNING data_hao2021_100k_ce2648ff_pipeline_scanpy_f7e456ae: memory grows 25.6 ± 21.3 MB per replicate; cap (6144 MB) in ~191 more
6/6 jobs ok -> <repo>/runs/baselines-scanpy-20261010T1216-100k-20261010T121624/results
shape: (34, 4)
┌────────────────────────┬──────────────┬─────┬─────────┐
│ metric                 ┆ method       ┆ n   ┆ median  │
│ ---                    ┆ ---          ┆ --- ┆ ---     │
│ str                    ┆ str          ┆ u32 ┆ f64     │
╞════════════════════════╪══════════════╪═════╪═════════╡
│ contract_ok            ┆ reference    ┆ 6   ┆ 1.0     │
│ contract_ok            ┆ scanpy       ┆ 39  ┆ 1.0     │
│ cpu_s                  ┆ null         ┆ 2   ┆ 9.05    │
│ cpu_s                  ┆ hao2021_100k ┆ 1   ┆ 2.5     │
│ cpu_s                  ┆ reference    ┆ 1   ┆ 93.9    │
│ …                      ┆ …            ┆ …   ┆ …       │
│ time_to_result_s       ┆ scanpy       ┆ 2   ┆ 50.565  │
│ walltime_s             ┆ reference    ┆ 1   ┆ 35.201  │
│ walltime_s             ┆ scanpy       ┆ 11  ┆ 28.241  │
│ warmup_step_walltime_s ┆ scanpy       ┆ 6   ┆ 17.9205 │
│ warmup_walltime_s      ┆ scanpy       ┆ 2   ┆ 47.268  │
└────────────────────────┴──────────────┴─────┴─────────┘
153 records -> <repo>/runs/baselines-scanpy-20261010T1216-100k-20261010T121624/results/metrics.parquet
baselines/scanpy 20261010T1216 (5203cce) plan cbf3fb0c host c931f405 100k: ok (run baselines-scanpy-20261010T1216-100k-20261010T121624)
OUTCOME {"outcome": "ok", "reason": "baselines/scanpy 20261010T1216 (5203cce) plan cbf3fb0c host c931f405 100k: ok (run baselines-scanpy-20261010T1216-100k-20261010T121624)", "result": "baselines/scanpy/20261010T1216/cbf3fb0c/c931f405/100k", "plan": "cbf3fb0c", "host": "c931f405", "run": "baselines-scanpy-20261010T1216-100k-20261010T121624", "log": "<repo>/runs/baselines-scanpy-20261010T1216-100k-20261010T121624/runner.log"}
