hao2021_50k.h5ad: downloading https://huggingface.co/datasets/btraven/sc-brrr-hao2021/resolve/a61cd45f32445b9a84b6e003d64e463712fbf5af/hao2021_50k.h5ad ... sha256 ok
setup (network on) ...
data_hao2021_50k_0ddcfd80 (2 cores, 6144 MB, 30 min) ... ok
data_hao2021_50k_0ddcfd80_pipeline_reference_31d5c367 (8 cores, 6144 MB, 20 min) ... ok
data_hao2021_50k_0ddcfd80_pipeline_rsc_a45acb67 (8 cores, 6144 MB, 20 min) ... ok
data_hao2021_50k_0ddcfd80_pipeline_rsc_d4e5533d (8 cores, 6144 MB, 20 min) ... ok
metrics_n_clusters_hao2021_50k_default (2 cores, 6144 MB, 30 min) ... ok
metrics_contract_hao2021_50k_default (2 cores, 6144 MB, 30 min) ... ok

job                                          end                 wall     mem peak / cap    denet  growth/rep      env
data_hao2021_50k_0ddcfd80                    ok                  2.8s      325 / 6144   MB      0MB           -    220MB
pipeline_reference_31d5c367                  ok                 28.2s      895 / 6144   MB    825MB           -    1.1GB
pipeline_rsc_a45acb67                        ok                 35.5s     2792 / 6144   MB   2452MB     -0.0 MB    5.9GB
pipeline_rsc_d4e5533d                        ok                 79.1s     2732 / 6144   MB   2563MB     +0.1 MB    5.9GB
metrics_n_clusters_hao2021_50k_default       ok                  2.9s      123 / 6144   MB      0MB           -    1.1GB
metrics_contract_hao2021_50k_default         ok                 10.0s      405 / 6144   MB      0MB           -    1.1GB
6/6 jobs ok -> <repo>/runs/baselines-rsc-20261009T1908-50k-20261009T190847/results
shape: (35, 4)
┌────────────────────────┬─────────────┬─────┬─────────┐
│ metric                 ┆ method      ┆ n   ┆ median  │
│ ---                    ┆ ---         ┆ --- ┆ ---     │
│ str                    ┆ str         ┆ u32 ┆ f64     │
╞════════════════════════╪═════════════╪═════╪═════════╡
│ contract_ok            ┆ reference   ┆ 6   ┆ 1.0     │
│ contract_ok            ┆ rsc         ┆ 39  ┆ 1.0     │
│ cpu_s                  ┆ null        ┆ 2   ┆ 6.15    │
│ cpu_s                  ┆ hao2021_50k ┆ 1   ┆ 2.2     │
│ cpu_s                  ┆ reference   ┆ 1   ┆ 42.1    │
│ …                      ┆ …           ┆ …   ┆ …       │
│ vram_peak_mb           ┆ rsc         ┆ 2   ┆ 1157.9  │
│ walltime_s             ┆ reference   ┆ 1   ┆ 20.435  │
│ walltime_s             ┆ rsc         ┆ 11  ┆ 1.985   │
│ warmup_step_walltime_s ┆ rsc         ┆ 6   ┆ 7.065   │
│ warmup_walltime_s      ┆ rsc         ┆ 2   ┆ 19.4455 │
└────────────────────────┴─────────────┴─────┴─────────┘
155 records -> <repo>/runs/baselines-rsc-20261009T1908-50k-20261009T190847/results/metrics.parquet
baselines/rsc 20261009T1908 (5203cce) plan cbf3fb0c host c931f405 50k: ok (run baselines-rsc-20261009T1908-50k-20261009T190847)
OUTCOME {"outcome": "ok", "reason": "baselines/rsc 20261009T1908 (5203cce) plan cbf3fb0c host c931f405 50k: ok (run baselines-rsc-20261009T1908-50k-20261009T190847)", "result": "baselines/rsc/20261009T1908/cbf3fb0c/c931f405/50k", "plan": "cbf3fb0c", "host": "c931f405", "run": "baselines-rsc-20261009T1908-50k-20261009T190847", "log": "<repo>/runs/baselines-rsc-20261009T1908-50k-20261009T190847/runner.log"}
