hao2021_100k.h5ad: downloading https://huggingface.co/datasets/btraven/sc-brrr-hao2021/resolve/a61cd45f32445b9a84b6e003d64e463712fbf5af/hao2021_100k.h5ad ... sha256 ok
setup (network on) ...
data_hao2021_100k_ce2648ff (2 cores, 6144 MB, 30 min) ... ok
data_hao2021_100k_ce2648ff_pipeline_reference_31d5c367 (8 cores, 6144 MB, 20 min) ... ok
data_hao2021_100k_ce2648ff_pipeline_rsc_a45acb67 (8 cores, 6144 MB, 20 min) ... ok
data_hao2021_100k_ce2648ff_pipeline_rsc_d4e5533d (8 cores, 6144 MB, 20 min) ... ok
metrics_n_clusters_hao2021_100k_default (2 cores, 6144 MB, 30 min) ... ok
metrics_contract_hao2021_100k_default (2 cores, 6144 MB, 30 min) ... ok

job                                          end                 wall     mem peak / cap    denet  growth/rep      env
data_hao2021_100k_ce2648ff                   ok                  2.8s      715 / 6144   MB      0MB           -    220MB
pipeline_reference_31d5c367                  ok                 47.8s     1346 / 6144   MB   1336MB           -    1.1GB
pipeline_rsc_a45acb67                        ok                 42.2s     4423 / 6144   MB   2990MB     +0.3 MB    5.9GB
pipeline_rsc_d4e5533d                        ok                165.5s     4189 / 6144   MB   3472MB     +0.4 MB    5.9GB
metrics_n_clusters_hao2021_100k_default      ok                  3.8s      125 / 6144   MB      0MB           -    1.1GB
metrics_contract_hao2021_100k_default        ok                 14.9s      300 / 6144   MB      0MB           -    1.1GB
6/6 jobs ok -> <repo>/runs/baselines-rsc-20261009T1912-100k-20261009T191219/results
shape: (35, 4)
┌────────────────────────┬──────────────┬─────┬────────┐
│ metric                 ┆ method       ┆ n   ┆ median │
│ ---                    ┆ ---          ┆ --- ┆ ---    │
│ str                    ┆ str          ┆ u32 ┆ f64    │
╞════════════════════════╪══════════════╪═════╪════════╡
│ contract_ok            ┆ reference    ┆ 6   ┆ 1.0    │
│ contract_ok            ┆ rsc          ┆ 39  ┆ 1.0    │
│ cpu_s                  ┆ null         ┆ 2   ┆ 9.15   │
│ cpu_s                  ┆ hao2021_100k ┆ 1   ┆ 2.5    │
│ cpu_s                  ┆ reference    ┆ 1   ┆ 95.7   │
│ …                      ┆ …            ┆ …   ┆ …      │
│ vram_peak_mb           ┆ rsc          ┆ 2   ┆ 1458.9 │
│ walltime_s             ┆ reference    ┆ 1   ┆ 36.168 │
│ walltime_s             ┆ rsc          ┆ 11  ┆ 2.546  │
│ warmup_step_walltime_s ┆ rsc          ┆ 6   ┆ 7.629  │
│ warmup_walltime_s      ┆ rsc          ┆ 2   ┆ 24.421 │
└────────────────────────┴──────────────┴─────┴────────┘
155 records -> <repo>/runs/baselines-rsc-20261009T1912-100k-20261009T191219/results/metrics.parquet
baselines/rsc 20261009T1912 (5203cce) plan cbf3fb0c host c931f405 100k: ok (run baselines-rsc-20261009T1912-100k-20261009T191219)
OUTCOME {"outcome": "ok", "reason": "baselines/rsc 20261009T1912 (5203cce) plan cbf3fb0c host c931f405 100k: ok (run baselines-rsc-20261009T1912-100k-20261009T191219)", "result": "baselines/rsc/20261009T1912/cbf3fb0c/c931f405/100k", "plan": "cbf3fb0c", "host": "c931f405", "run": "baselines-rsc-20261009T1912-100k-20261009T191219", "log": "<repo>/runs/baselines-rsc-20261009T1912-100k-20261009T191219/runner.log"}
