hao2021_10k.h5ad: in the cache, sha256 ok
setup (network on) ...
data_hao2021_10k_68c8db81 (2 cores, 6144 MB, 30 min) ... ok
data_hao2021_10k_68c8db81_pipeline_reference_31d5c367 (8 cores, 6144 MB, 20 min) ... ok
data_hao2021_10k_68c8db81_pipeline_scanpy_fbb37862 (8 cores, 6144 MB, 20 min) ... ok
data_hao2021_10k_68c8db81_pipeline_scanpy_f7e456ae (8 cores, 6144 MB, 20 min) ... ok
metrics_n_clusters_hao2021_10k_default (2 cores, 6144 MB, 30 min) ... ok
metrics_contract_hao2021_10k_default (2 cores, 6144 MB, 30 min) ... ok

job                                          end                 wall     mem peak / cap    denet  growth/rep      env
data_hao2021_10k_68c8db81                    ok                  2.8s      130 / 6144   MB      0MB           -    220MB
pipeline_reference_31d5c367                  ok                 16.0s      525 / 6144   MB    580MB           -    1.1GB
pipeline_scanpy_fbb37862                     ok                 50.0s      934 / 6144   MB    878MB    +10.6 MB    1.1GB
pipeline_scanpy_f7e456ae                     ok                 45.1s      886 / 6144   MB    845MB    +11.8 MB    1.1GB
metrics_n_clusters_hao2021_10k_default       ok                  2.8s      124 / 6144   MB      0MB           -    1.1GB
metrics_contract_hao2021_10k_default         ok                  4.0s      167 / 6144   MB      0MB           -    1.1GB
WARNING data_hao2021_10k_68c8db81_pipeline_scanpy_fbb37862: memory grows 10.6 ± 0.9 MB per replicate; cap (6144 MB) in ~507 more
WARNING data_hao2021_10k_68c8db81_pipeline_scanpy_f7e456ae: memory grows 11.8 ± 0.9 MB per replicate; cap (6144 MB) in ~456 more
6/6 jobs ok -> <repo>/runs/baselines-scanpy-20261009T1726-10k-20261009T172634/results
shape: (33, 4)
┌────────────────────────┬─────────────┬─────┬─────────┐
│ metric                 ┆ method      ┆ n   ┆ median  │
│ ---                    ┆ ---         ┆ --- ┆ ---     │
│ str                    ┆ str         ┆ u32 ┆ f64     │
╞════════════════════════╪═════════════╪═════╪═════════╡
│ contract_ok            ┆ reference   ┆ 6   ┆ 1.0     │
│ contract_ok            ┆ scanpy      ┆ 39  ┆ 1.0     │
│ cpu_s                  ┆ null        ┆ 2   ┆ 2.9     │
│ cpu_s                  ┆ hao2021_10k ┆ 1   ┆ 2.1     │
│ cpu_s                  ┆ reference   ┆ 1   ┆ 19.3    │
│ …                      ┆ …           ┆ …   ┆ …       │
│ step_walltime_s        ┆ scanpy      ┆ 33  ┆ 1.397   │
│ walltime_s             ┆ reference   ┆ 1   ┆ 11.107  │
│ walltime_s             ┆ scanpy      ┆ 11  ┆ 3.667   │
│ warmup_step_walltime_s ┆ scanpy      ┆ 6   ┆ 2.904   │
│ warmup_walltime_s      ┆ scanpy      ┆ 2   ┆ 22.9935 │
└────────────────────────┴─────────────┴─────┴─────────┘
151 records -> <repo>/runs/baselines-scanpy-20261009T1726-10k-20261009T172634/results/metrics.parquet
baselines/scanpy 20261009T1726 (5203cce) plan cbf3fb0c host c931f405 10k: ok (run baselines-scanpy-20261009T1726-10k-20261009T172634)
OUTCOME {"outcome": "ok", "reason": "baselines/scanpy 20261009T1726 (5203cce) plan cbf3fb0c host c931f405 10k: ok (run baselines-scanpy-20261009T1726-10k-20261009T172634)", "result": "baselines/scanpy/20261009T1726/cbf3fb0c/c931f405/10k", "plan": "cbf3fb0c", "host": "c931f405", "run": "baselines-scanpy-20261009T1726-10k-20261009T172634", "log": "<repo>/runs/baselines-scanpy-20261009T1726-10k-20261009T172634/runner.log"}
