hao2021_50k.h5ad: in the cache, sha256 ok
setup (network on) ...
data_hao2021_50k_0ddcfd80 (2 cores, 6144 MB, 30 min) ... ok
data_hao2021_50k_0ddcfd80_pipeline_reference_31d5c367 (8 cores, 6144 MB, 20 min) ... ok
data_hao2021_50k_0ddcfd80_pipeline_scanpy_fbb37862 (8 cores, 6144 MB, 20 min) ... ok
data_hao2021_50k_0ddcfd80_pipeline_scanpy_f7e456ae (8 cores, 6144 MB, 20 min) ... ok
metrics_n_clusters_hao2021_50k_default (2 cores, 6144 MB, 30 min) ... ok
metrics_contract_hao2021_50k_default (2 cores, 6144 MB, 30 min) ... ok

job                                          end                 wall     mem peak / cap    denet  growth/rep      env
data_hao2021_50k_0ddcfd80                    ok                  2.7s      715 / 6144   MB      0MB           -    220MB
pipeline_reference_31d5c367                  ok                 28.5s      895 / 6144   MB    825MB           -    1.1GB
pipeline_scanpy_fbb37862                     ok                123.8s     1994 / 6144   MB   1222MB     -1.0 MB    1.1GB
pipeline_scanpy_f7e456ae                     ok                113.6s     1899 / 6144   MB   1196MB     +8.9 MB    1.1GB
metrics_n_clusters_hao2021_50k_default       ok                  2.9s      124 / 6144   MB      0MB           -    1.1GB
metrics_contract_hao2021_50k_default         ok                  9.1s      228 / 6144   MB      0MB           -    1.1GB
WARNING data_hao2021_50k_0ddcfd80_pipeline_scanpy_f7e456ae: memory grows 8.9 ± 5.9 MB per replicate; cap (6144 MB) in ~590 more
6/6 jobs ok -> <repo>/runs/baselines-scanpy-20261009T1919-50k-20261009T191936/results
shape: (34, 4)
┌────────────────────────┬─────────────┬─────┬────────┐
│ metric                 ┆ method      ┆ n   ┆ median │
│ ---                    ┆ ---         ┆ --- ┆ ---    │
│ str                    ┆ str         ┆ u32 ┆ f64    │
╞════════════════════════╪═════════════╪═════╪════════╡
│ contract_ok            ┆ reference   ┆ 6   ┆ 1.0    │
│ contract_ok            ┆ scanpy      ┆ 39  ┆ 1.0    │
│ cpu_s                  ┆ null        ┆ 2   ┆ 5.65   │
│ cpu_s                  ┆ hao2021_50k ┆ 1   ┆ 2.5    │
│ cpu_s                  ┆ reference   ┆ 1   ┆ 42.8   │
│ …                      ┆ …           ┆ …   ┆ …      │
│ time_to_result_s       ┆ scanpy      ┆ 2   ┆ 39.18  │
│ walltime_s             ┆ reference   ┆ 1   ┆ 20.796 │
│ walltime_s             ┆ scanpy      ┆ 11  ┆ 14.053 │
│ warmup_step_walltime_s ┆ scanpy      ┆ 6   ┆ 9.7    │
│ warmup_walltime_s      ┆ scanpy      ┆ 2   ┆ 33.452 │
└────────────────────────┴─────────────┴─────┴────────┘
153 records -> <repo>/runs/baselines-scanpy-20261009T1919-50k-20261009T191936/results/metrics.parquet
baselines/scanpy 20261009T1919 (5203cce) plan cbf3fb0c host c931f405 50k: ok (run baselines-scanpy-20261009T1919-50k-20261009T191936)
OUTCOME {"outcome": "ok", "reason": "baselines/scanpy 20261009T1919 (5203cce) plan cbf3fb0c host c931f405 50k: ok (run baselines-scanpy-20261009T1919-50k-20261009T191936)", "result": "baselines/scanpy/20261009T1919/cbf3fb0c/c931f405/50k", "plan": "cbf3fb0c", "host": "c931f405", "run": "baselines-scanpy-20261009T1919-50k-20261009T191936", "log": "<repo>/runs/baselines-scanpy-20261009T1919-50k-20261009T191936/runner.log"}
