hao2021_10k.h5ad: in the cache, sha256 ok
setup (network on) ...
data_hao2021_10k_68c8db81 (2 cores, 6144 MB, 30 min) ... ok
data_hao2021_10k_68c8db81_pipeline_reference_31d5c367 (8 cores, 6144 MB, 20 min) ... ok
data_hao2021_10k_68c8db81_pipeline_rsc_a45acb67 (8 cores, 6144 MB, 20 min) ... ok
data_hao2021_10k_68c8db81_pipeline_rsc_d4e5533d (8 cores, 6144 MB, 20 min) ... ok
metrics_n_clusters_hao2021_10k_default (2 cores, 6144 MB, 30 min) ... ok
metrics_contract_hao2021_10k_default (2 cores, 6144 MB, 30 min) ... ok

job                                          end                 wall     mem peak / cap    denet  growth/rep      env
data_hao2021_10k_68c8db81                    ok                  2.7s      131 / 6144   MB      0MB           -    220MB
pipeline_reference_31d5c367                  ok                 15.6s      525 / 6144   MB    562MB           -    1.1GB
pipeline_rsc_a45acb67                        ok                 25.6s     1535 / 6144   MB   1820MB     +2.5 MB    5.9GB
pipeline_rsc_d4e5533d                        ok                 24.8s     1509 / 6144   MB   1819MB     +0.1 MB    5.9GB
metrics_n_clusters_hao2021_10k_default       ok                  2.7s      123 / 6144   MB      0MB           -    1.1GB
metrics_contract_hao2021_10k_default         ok                  4.1s      167 / 6144   MB      0MB           -    1.1GB
WARNING data_hao2021_10k_68c8db81_pipeline_rsc_d4e5533d: memory grows 0.1 ± 0.0 MB per replicate; cap (6144 MB) in ~43345 more
6/6 jobs ok -> <repo>/runs/baselines-rsc-20261009T1716-10k-20261009T171634/results
shape: (34, 4)
┌────────────────────────┬─────────────┬─────┬─────────┐
│ metric                 ┆ method      ┆ n   ┆ median  │
│ ---                    ┆ ---         ┆ --- ┆ ---     │
│ str                    ┆ str         ┆ u32 ┆ f64     │
╞════════════════════════╪═════════════╪═════╪═════════╡
│ contract_ok            ┆ reference   ┆ 6   ┆ 1.0     │
│ contract_ok            ┆ rsc         ┆ 39  ┆ 1.0     │
│ cpu_s                  ┆ null        ┆ 2   ┆ 2.85    │
│ cpu_s                  ┆ hao2021_10k ┆ 1   ┆ 2.1     │
│ cpu_s                  ┆ reference   ┆ 1   ┆ 18.5    │
│ …                      ┆ …           ┆ …   ┆ …       │
│ vram_peak_mb           ┆ rsc         ┆ 2   ┆ 990.9   │
│ walltime_s             ┆ reference   ┆ 1   ┆ 10.834  │
│ walltime_s             ┆ rsc         ┆ 11  ┆ 0.528   │
│ warmup_step_walltime_s ┆ rsc         ┆ 6   ┆ 6.9495  │
│ warmup_walltime_s      ┆ rsc         ┆ 2   ┆ 17.0645 │
└────────────────────────┴─────────────┴─────┴─────────┘
141 records -> <repo>/runs/baselines-rsc-20261009T1716-10k-20261009T171634/results/metrics.parquet
baselines/rsc 20261009T1716 (90cb1ad) plan 59b4b445 host c931f405 10k: ok (run baselines-rsc-20261009T1716-10k-20261009T171634)
OUTCOME {"outcome": "ok", "reason": "baselines/rsc 20261009T1716 (90cb1ad) plan 59b4b445 host c931f405 10k: ok (run baselines-rsc-20261009T1716-10k-20261009T171634)", "result": "baselines/rsc/20261009T1716/59b4b445/c931f405/10k", "plan": "59b4b445", "host": "c931f405", "run": "baselines-rsc-20261009T1716-10k-20261009T171634", "log": "<repo>/runs/baselines-rsc-20261009T1716-10k-20261009T171634/runner.log"}
