hao2021_100k.h5ad: in the cache, sha256 ok
setup (network on) ...
data_hao2021_100k_ce2648ff (2 cores, 6144 MB, 30 min) ... ok
data_hao2021_100k_ce2648ff_pipeline_reference_31d5c367 (8 cores, 6144 MB, 20 min) ... ok
data_hao2021_100k_ce2648ff_pipeline_rsc_a45acb67 (8 cores, 6144 MB, 20 min) ... ok
data_hao2021_100k_ce2648ff_pipeline_rsc_d4e5533d (8 cores, 6144 MB, 20 min) ... ok
metrics_n_clusters_hao2021_100k_default (2 cores, 6144 MB, 30 min) ... ok
metrics_contract_hao2021_100k_default (2 cores, 6144 MB, 30 min) ... ok

job                                          end                 wall     mem peak / cap    denet  growth/rep      env
data_hao2021_100k_ce2648ff                   ok                  2.8s      718 / 6144   MB      0MB           -    220MB
pipeline_reference_31d5c367                  ok                 57.1s     1364 / 6144   MB   1337MB           -    1.1GB
pipeline_rsc_a45acb67                        ok                159.3s     4325 / 6144   MB   3492MB     +0.3 MB    5.9GB
pipeline_rsc_d4e5533d                        ok                 57.0s     4503 / 6144   MB   3477MB     +0.4 MB    5.9GB
metrics_n_clusters_hao2021_100k_default      ok                  3.7s      123 / 6144   MB      0MB           -    1.1GB
metrics_contract_hao2021_100k_default        ok                 15.5s      471 / 6144   MB      0MB           -    1.1GB
6/6 jobs ok -> <repo>/runs/baselines-rsc-20261010T0341-100k-20261010T034111/results
shape: (35, 4)
┌────────────────────────┬──────────────┬─────┬─────────┐
│ metric                 ┆ method       ┆ n   ┆ median  │
│ ---                    ┆ ---          ┆ --- ┆ ---     │
│ str                    ┆ str          ┆ u32 ┆ f64     │
╞════════════════════════╪══════════════╪═════╪═════════╡
│ contract_ok            ┆ reference    ┆ 6   ┆ 1.0     │
│ contract_ok            ┆ rsc          ┆ 39  ┆ 1.0     │
│ cpu_s                  ┆ null         ┆ 2   ┆ 9.3     │
│ cpu_s                  ┆ hao2021_100k ┆ 1   ┆ 2.5     │
│ cpu_s                  ┆ reference    ┆ 1   ┆ 104.8   │
│ …                      ┆ …            ┆ …   ┆ …       │
│ vram_peak_mb           ┆ rsc          ┆ 2   ┆ 1496.9  │
│ walltime_s             ┆ reference    ┆ 1   ┆ 43.44   │
│ walltime_s             ┆ rsc          ┆ 11  ┆ 14.66   │
│ warmup_step_walltime_s ┆ rsc          ┆ 6   ┆ 7.35    │
│ warmup_walltime_s      ┆ rsc          ┆ 2   ┆ 24.3195 │
└────────────────────────┴──────────────┴─────┴─────────┘
155 records -> <repo>/runs/baselines-rsc-20261010T0341-100k-20261010T034111/results/metrics.parquet
baselines/rsc 20261010T0341 (5203cce) plan cbf3fb0c host c931f405 100k: ok (run baselines-rsc-20261010T0341-100k-20261010T034111)
OUTCOME {"outcome": "ok", "reason": "baselines/rsc 20261010T0341 (5203cce) plan cbf3fb0c host c931f405 100k: ok (run baselines-rsc-20261010T0341-100k-20261010T034111)", "result": "baselines/rsc/20261010T0341/cbf3fb0c/c931f405/100k", "plan": "cbf3fb0c", "host": "c931f405", "run": "baselines-rsc-20261010T0341-100k-20261010T034111", "log": "<repo>/runs/baselines-rsc-20261010T0341-100k-20261010T034111/runner.log"}
