hao2021_50k.h5ad: in the cache, sha256 ok
setup (network on) ...
data_hao2021_50k_0ddcfd80 (2 cores, 6144 MB, 30 min) ... ok
data_hao2021_50k_0ddcfd80_pipeline_reference_31d5c367 (8 cores, 6144 MB, 20 min) ... ok
data_hao2021_50k_0ddcfd80_pipeline_rsc_a45acb67 (8 cores, 6144 MB, 20 min) ... ok
data_hao2021_50k_0ddcfd80_pipeline_rsc_d4e5533d (8 cores, 6144 MB, 20 min) ... ok
metrics_n_clusters_hao2021_50k_default (2 cores, 6144 MB, 30 min) ... ok
metrics_contract_hao2021_50k_default (2 cores, 6144 MB, 30 min) ... ok

job                                          end                 wall     mem peak / cap    denet  growth/rep      env
data_hao2021_50k_0ddcfd80                    ok                  2.7s      717 / 6144   MB      0MB           -    220MB
pipeline_reference_31d5c367                  ok                 27.7s      900 / 6144   MB    954MB           -    1.1GB
pipeline_rsc_a45acb67                        ok                 32.4s     2813 / 6144   MB   2546MB     +4.0 MB    5.9GB
pipeline_rsc_d4e5533d                        ok                 31.0s     2746 / 6144   MB   2437MB     +0.1 MB    5.9GB
metrics_n_clusters_hao2021_50k_default       ok                  2.8s      123 / 6144   MB      0MB           -    1.1GB
metrics_contract_hao2021_50k_default         ok                  8.9s      226 / 6144   MB      0MB           -    1.1GB
6/6 jobs ok -> <repo>/runs/baselines-rsc-20261010T1204-50k-20261010T120458/results
shape: (35, 4)
┌────────────────────────┬─────────────┬─────┬─────────┐
│ metric                 ┆ method      ┆ n   ┆ median  │
│ ---                    ┆ ---         ┆ --- ┆ ---     │
│ str                    ┆ str         ┆ u32 ┆ f64     │
╞════════════════════════╪═════════════╪═════╪═════════╡
│ contract_ok            ┆ reference   ┆ 6   ┆ 1.0     │
│ contract_ok            ┆ rsc         ┆ 39  ┆ 1.0     │
│ cpu_s                  ┆ null        ┆ 2   ┆ 5.6     │
│ cpu_s                  ┆ hao2021_50k ┆ 1   ┆ 2.6     │
│ cpu_s                  ┆ reference   ┆ 1   ┆ 41.4    │
│ …                      ┆ …           ┆ …   ┆ …       │
│ vram_peak_mb           ┆ rsc         ┆ 2   ┆ 1137.9  │
│ walltime_s             ┆ reference   ┆ 1   ┆ 20.011  │
│ walltime_s             ┆ rsc         ┆ 11  ┆ 1.35    │
│ warmup_step_walltime_s ┆ rsc         ┆ 6   ┆ 6.9815  │
│ warmup_walltime_s      ┆ rsc         ┆ 2   ┆ 17.8895 │
└────────────────────────┴─────────────┴─────┴─────────┘
155 records -> <repo>/runs/baselines-rsc-20261010T1204-50k-20261010T120458/results/metrics.parquet
baselines/rsc 20261010T1204 (5203cce) plan cbf3fb0c host c931f405 50k: ok (run baselines-rsc-20261010T1204-50k-20261010T120458)
OUTCOME {"outcome": "ok", "reason": "baselines/rsc 20261010T1204 (5203cce) plan cbf3fb0c host c931f405 50k: ok (run baselines-rsc-20261010T1204-50k-20261010T120458)", "result": "baselines/rsc/20261010T1204/cbf3fb0c/c931f405/50k", "plan": "cbf3fb0c", "host": "c931f405", "run": "baselines-rsc-20261010T1204-50k-20261010T120458", "log": "<repo>/runs/baselines-rsc-20261010T1204-50k-20261010T120458/runner.log"}
