setup (network on) ...
data_hao2021_10k_cfad207e (2 cores, 6144 MB, 30 min) ... ok
data_hao2021_10k_cfad207e_pipeline_reference_31d5c367 (8 cores, 6144 MB, 20 min) ... ok
data_hao2021_10k_cfad207e_pipeline_exact_ref_74170245 (8 cores, 6144 MB, 5 min) ... ok
data_hao2021_10k_cfad207e_pipeline_exact_ref_dda71834 (8 cores, 6144 MB, 5 min) ... ok
metrics_n_clusters_hao2021_10k_default (2 cores, 6144 MB, 30 min) ... ok
metrics_contract_hao2021_10k_default (2 cores, 6144 MB, 30 min) ... ok

job                                          end                 wall     mem peak / cap    denet  growth/rep      env
data_hao2021_10k_cfad207e                    ok                  2.4s      147 / 6144   MB      0MB           -     36MB
pipeline_reference_31d5c367                  ok                 12.1s      517 / 6144   MB    550MB           -    1.1GB
pipeline_exact_ref_74170245                  ok                 24.8s      555 / 6144   MB    554MB     +0.0 MB    1.1GB
pipeline_exact_ref_dda71834                  ok                 20.5s      548 / 6144   MB    553MB     +0.4 MB    1.1GB
metrics_n_clusters_hao2021_10k_default       ok                  2.3s      123 / 6144   MB      0MB           -    1.1GB
metrics_contract_hao2021_10k_default         ok                  2.8s      171 / 6144   MB      0MB           -    1.1GB
6/6 jobs ok -> <repo>/runs/btraven00-exact-ref-0.1.4-10k-20261009T152541/results
shape: (33, 4)
┌────────────────────────┬─────────────┬─────┬────────┐
│ metric                 ┆ method      ┆ n   ┆ median │
│ ---                    ┆ ---         ┆ --- ┆ ---    │
│ str                    ┆ str         ┆ u32 ┆ f64    │
╞════════════════════════╪═════════════╪═════╪════════╡
│ contract_ok            ┆ exact-ref   ┆ 39  ┆ 1.0    │
│ contract_ok            ┆ reference   ┆ 6   ┆ 1.0    │
│ cpu_s                  ┆ null        ┆ 2   ┆ 1.95   │
│ cpu_s                  ┆ exact-ref   ┆ 2   ┆ 33.8   │
│ cpu_s                  ┆ hao2021_10k ┆ 1   ┆ 1.5    │
│ …                      ┆ …           ┆ …   ┆ …      │
│ step_walltime_s        ┆ reference   ┆ 3   ┆ 1.651  │
│ walltime_s             ┆ exact-ref   ┆ 11  ┆ 2.067  │
│ walltime_s             ┆ reference   ┆ 1   ┆ 8.238  │
│ warmup_step_walltime_s ┆ exact-ref   ┆ 6   ┆ 0.845  │
│ warmup_walltime_s      ┆ exact-ref   ┆ 2   ┆ 4.9925 │
└────────────────────────┴─────────────┴─────┴────────┘
139 records -> <repo>/runs/btraven00-exact-ref-0.1.4-10k-20261009T152541/results/metrics.parquet
btraven00/exact-ref 0.1.4 (f6ea2d7) plan a5988a5c host 50f1ae8f 10k: ok (run btraven00-exact-ref-0.1.4-10k-20261009T152541)
OUTCOME {"outcome": "ok", "reason": "btraven00/exact-ref 0.1.4 (f6ea2d7) plan a5988a5c host 50f1ae8f 10k: ok (run btraven00-exact-ref-0.1.4-10k-20261009T152541)", "result": "btraven00/exact-ref/0.1.4/a5988a5c/50f1ae8f/10k", "plan": "a5988a5c", "host": "50f1ae8f", "run": "btraven00-exact-ref-0.1.4-10k-20261009T152541", "log": "<repo>/runs/btraven00-exact-ref-0.1.4-10k-20261009T152541/runner.log"}
