hao2021_10k.h5ad: in the cache, sha256 ok
setup (network on) ...
data_hao2021_10k_68c8db81 (2 cores, 6144 MB, 30 min) ... ok
data_hao2021_10k_68c8db81_pipeline_reference_31d5c367 (8 cores, 6144 MB, 20 min) ... ok
data_hao2021_10k_68c8db81_pipeline_scanpy_fbb37862 (8 cores, 6144 MB, 20 min) ... ok
data_hao2021_10k_68c8db81_pipeline_scanpy_f7e456ae (8 cores, 6144 MB, 20 min) ... ok
metrics_n_clusters_hao2021_10k_default (2 cores, 6144 MB, 30 min) ... ok
metrics_contract_hao2021_10k_default (2 cores, 6144 MB, 30 min) ... ok

job                                          end                 wall     mem peak / cap    denet  growth/rep      env
data_hao2021_10k_68c8db81                    ok                  2.8s      715 / 6144   MB      0MB           -    220MB
pipeline_reference_31d5c367                  ok                 15.8s      526 / 6144   MB    560MB           -    1.1GB
pipeline_scanpy_fbb37862                     ok                 61.5s      930 / 6144   MB    875MB    +10.6 MB    1.1GB
pipeline_scanpy_f7e456ae                     ok                 44.7s      881 / 6144   MB    840MB    +11.2 MB    1.1GB
metrics_n_clusters_hao2021_10k_default       ok                  2.8s      123 / 6144   MB      0MB           -    1.1GB
metrics_contract_hao2021_10k_default         ok                  4.0s      167 / 6144   MB      0MB           -    1.1GB
WARNING data_hao2021_10k_68c8db81_pipeline_scanpy_fbb37862: memory grows 10.6 ± 1.2 MB per replicate; cap (6144 MB) in ~503 more
WARNING data_hao2021_10k_68c8db81_pipeline_scanpy_f7e456ae: memory grows 11.2 ± 0.8 MB per replicate; cap (6144 MB) in ~482 more
6/6 jobs ok -> <repo>/runs/baselines-scanpy-20261009T1917-10k-20261009T191715/results
shape: (34, 4)
┌────────────────────────┬─────────────┬─────┬─────────┐
│ metric                 ┆ method      ┆ n   ┆ median  │
│ ---                    ┆ ---         ┆ --- ┆ ---     │
│ str                    ┆ str         ┆ u32 ┆ f64     │
╞════════════════════════╪═════════════╪═════╪═════════╡
│ contract_ok            ┆ reference   ┆ 6   ┆ 1.0     │
│ contract_ok            ┆ scanpy      ┆ 39  ┆ 1.0     │
│ cpu_s                  ┆ null        ┆ 2   ┆ 2.9     │
│ cpu_s                  ┆ hao2021_10k ┆ 1   ┆ 2.5     │
│ cpu_s                  ┆ reference   ┆ 1   ┆ 18.8    │
│ …                      ┆ …           ┆ …   ┆ …       │
│ time_to_result_s       ┆ scanpy      ┆ 2   ┆ 27.205  │
│ walltime_s             ┆ reference   ┆ 1   ┆ 11.041  │
│ walltime_s             ┆ scanpy      ┆ 11  ┆ 4.847   │
│ warmup_step_walltime_s ┆ scanpy      ┆ 6   ┆ 3.629   │
│ warmup_walltime_s      ┆ scanpy      ┆ 2   ┆ 23.5025 │
└────────────────────────┴─────────────┴─────┴─────────┘
153 records -> <repo>/runs/baselines-scanpy-20261009T1917-10k-20261009T191715/results/metrics.parquet
baselines/scanpy 20261009T1917 (5203cce) plan cbf3fb0c host c931f405 10k: ok (run baselines-scanpy-20261009T1917-10k-20261009T191715)
OUTCOME {"outcome": "ok", "reason": "baselines/scanpy 20261009T1917 (5203cce) plan cbf3fb0c host c931f405 10k: ok (run baselines-scanpy-20261009T1917-10k-20261009T191715)", "result": "baselines/scanpy/20261009T1917/cbf3fb0c/c931f405/10k", "plan": "cbf3fb0c", "host": "c931f405", "run": "baselines-scanpy-20261009T1917-10k-20261009T191715", "log": "<repo>/runs/baselines-scanpy-20261009T1917-10k-20261009T191715/runner.log"}
