hao2021_100k.h5ad: in the cache, sha256 ok
setup (network on) ...
data_hao2021_100k_ce2648ff (2 cores, 6144 MB, 30 min) ... ok
data_hao2021_100k_ce2648ff_pipeline_reference_31d5c367 (8 cores, 6144 MB, 20 min) ... ok
data_hao2021_100k_ce2648ff_pipeline_scanpy_fbb37862 (8 cores, 6144 MB, 20 min) ... ok
data_hao2021_100k_ce2648ff_pipeline_scanpy_f7e456ae (8 cores, 6144 MB, 20 min) ... ok
metrics_n_clusters_hao2021_100k_default (2 cores, 6144 MB, 30 min) ... ok
metrics_contract_hao2021_100k_default (2 cores, 6144 MB, 30 min) ... ok

job                                          end                 wall     mem peak / cap    denet  growth/rep      env
data_hao2021_100k_ce2648ff                   ok                  2.7s      716 / 6144   MB      0MB           -    220MB
pipeline_reference_31d5c367                  ok                 55.6s     1345 / 6144   MB   1357MB           -    1.1GB
pipeline_scanpy_fbb37862                     ok                260.2s     3372 / 6144   MB   1773MB    +11.5 MB    1.1GB
pipeline_scanpy_f7e456ae                     ok                197.1s     3206 / 6144   MB   1835MB    +27.7 MB    1.1GB
metrics_n_clusters_hao2021_100k_default      ok                  3.8s      124 / 6144   MB      0MB           -    1.1GB
metrics_contract_hao2021_100k_default        ok                 30.0s      301 / 6144   MB      0MB           -    1.1GB
WARNING data_hao2021_100k_ce2648ff_pipeline_scanpy_fbb37862: memory grows 11.5 ± 4.4 MB per replicate; cap (6144 MB) in ~428 more
6/6 jobs ok -> <repo>/runs/baselines-scanpy-20261009T1924-100k-20261009T192427/results
shape: (34, 4)
┌────────────────────────┬──────────────┬─────┬────────┐
│ metric                 ┆ method       ┆ n   ┆ median │
│ ---                    ┆ ---          ┆ --- ┆ ---    │
│ str                    ┆ str          ┆ u32 ┆ f64    │
╞════════════════════════╪══════════════╪═════╪════════╡
│ contract_ok            ┆ reference    ┆ 6   ┆ 1.0    │
│ contract_ok            ┆ scanpy       ┆ 39  ┆ 1.0    │
│ cpu_s                  ┆ null         ┆ 2   ┆ 16.65  │
│ cpu_s                  ┆ hao2021_100k ┆ 1   ┆ 2.5    │
│ cpu_s                  ┆ reference    ┆ 1   ┆ 103.4  │
│ …                      ┆ …            ┆ …   ┆ …      │
│ time_to_result_s       ┆ scanpy       ┆ 2   ┆ 66.915 │
│ walltime_s             ┆ reference    ┆ 1   ┆ 38.354 │
│ walltime_s             ┆ scanpy       ┆ 11  ┆ 28.854 │
│ warmup_step_walltime_s ┆ scanpy       ┆ 6   ┆ 21.916 │
│ warmup_walltime_s      ┆ scanpy       ┆ 2   ┆ 54.929 │
└────────────────────────┴──────────────┴─────┴────────┘
153 records -> <repo>/runs/baselines-scanpy-20261009T1924-100k-20261009T192427/results/metrics.parquet
baselines/scanpy 20261009T1924 (5203cce) plan cbf3fb0c host c931f405 100k: ok (run baselines-scanpy-20261009T1924-100k-20261009T192427)
OUTCOME {"outcome": "ok", "reason": "baselines/scanpy 20261009T1924 (5203cce) plan cbf3fb0c host c931f405 100k: ok (run baselines-scanpy-20261009T1924-100k-20261009T192427)", "result": "baselines/scanpy/20261009T1924/cbf3fb0c/c931f405/100k", "plan": "cbf3fb0c", "host": "c931f405", "run": "baselines-scanpy-20261009T1924-100k-20261009T192427", "log": "<repo>/runs/baselines-scanpy-20261009T1924-100k-20261009T192427/runner.log"}
